C51 COMPILER V9.60.7.0   FUNCTION                                                          07/19/2024 17:31:56 PAGE 1   


C51 COMPILER V9.60.7.0, COMPILATION OF MODULE FUNCTION
OBJECT MODULE PLACED IN .\obj\Function.obj
COMPILER INVOKED BY: D:\Keil_v5\C51\BIN\C51.EXE src\Function.c LARGE OPTIMIZE(8,SPEED) BROWSE INCDIR(.\Drivers\inc;.\Dri
                    -vers\src;.\src;.\inc) DEBUG OBJECTEXTEND PRINT(.\list\Function.lst) TABS(2) OBJECT(.\obj\Function.obj)

line level    source

   1          //Function.c
   2          #include "Global.h"
   3          /*----------------------------------------------------------------------------*/
   4          
   5          /*----------------------------------------------------------------------------*/
   6          /*----------------------------------------------------------------------------*/
   7          /*----------------------------------------------------------------------------*/
   8          void IniMainState(void)
   9          {
  10   1        ErrorState=0;
  11   1      
  12   1        VinCounter = 0;
  13   1        NtcCounter=0;
  14   1        VinState =VinNormal;
  15   1        NtcState = NtcTemNormal;
  16   1        FireCounter=0;
  17   1        AgingFireCounter =0x00;
  18   1        GearState=0;
  19   1        bGearAddSubFlag=0;
  20   1        bIceState=1;
  21   1        bAutoState=0;
  22   1      }
  23          /*----------------------------------------------------------------------------*/
  24          //void IniWaitTurnOffMode(void)
  25          //{
  26          //  StopPwmOutput();
  27          ////  FireTurnOff();
  28          //  DisChargeEnable;
  29          //  CoolDisable;
  30          
  31          //  MainState = WaitTurnOffMode;
  32          //}
  33          /*----------------------------------------------------------------------------*/
  34          /*----------------------------------------------------------------------------*/
  35          void IniStandbyMode(void)
  36          {
  37   1        DisChargeDisable;
  38   1      //  FireTurnOff();
  39   1        KeyValue = 0;
  40   1        CapChargeState=0; 
  41   1        ErrorState=0; 
  42   1        CoolEnable;
  43   1        FanTurnOn();
  44   1        MainState=StandbyMode;
  45   1      }
  46          /*----------------------------------------------------------------------------*/
  47          /*----------------------------------------------------------------------------*/
  48          /*----------------------------------------------------------------------------*/
  49          /*----------------------------------------------------------------------------*/
  50          /*----------------------------------------------------------------------------*/
  51          /*----------------------------------------------------------------------------*/
  52          /*----------------------------------------------------------------------------*/
  53          /*----------------------------------------------------------------------------*/
  54          /*----------------------------------------------------------------------------*/
C51 COMPILER V9.60.7.0   FUNCTION                                                          07/19/2024 17:31:56 PAGE 2   

  55          
  56          /*----------------------------------------------------------------------------*/
  57          
  58          
  59          
  60          /*----------------------------------------------------------------------------*/
  61          //


MODULE INFORMATION:   STATIC OVERLAYABLE
   CODE SIZE        =     90    ----
   CONSTANT SIZE    =   ----    ----
   XDATA SIZE       =   ----    ----
   PDATA SIZE       =   ----    ----
   DATA SIZE        =   ----    ----
   IDATA SIZE       =   ----    ----
   BIT SIZE         =   ----    ----
END OF MODULE INFORMATION.


C51 COMPILATION COMPLETE.  0 WARNING(S),  0 ERROR(S)
